Archive member included because of file (symbol)

d:/gnu tools arm embedded/4.8 2014q1/bin/../lib/gcc/arm-none-eabi/4.8.3/../../../../arm-none-eabi/lib/armv7e-m/fpu\libg.a(lib_a-errno.o)
                              ./libs/misc/src/_sbrk.o (__errno)
d:/gnu tools arm embedded/4.8 2014q1/bin/../lib/gcc/arm-none-eabi/4.8.3/../../../../arm-none-eabi/lib/armv7e-m/fpu\libg.a(lib_a-impure.o)
                              d:/gnu tools arm embedded/4.8 2014q1/bin/../lib/gcc/arm-none-eabi/4.8.3/../../../../arm-none-eabi/lib/armv7e-m/fpu\libg.a(lib_a-errno.o) (_impure_ptr)

Allocating common symbols
Common symbol       size              file

counter_part        0x4               ./src/stm32f4xx_it.o

Discarded input sections

 .group         0x00000000        0x8 ./src/7seg.o
 .group         0x00000000        0x8 ./src/7seg.o
 .group         0x00000000        0x8 ./src/7seg.o
 .group         0x00000000        0x8 ./src/7seg.o
 .group         0x00000000        0x8 ./src/7seg.o
 .group         0x00000000        0x8 ./src/7seg.o
 .group         0x00000000        0x8 ./src/7seg.o
 .group         0x00000000        0x8 ./src/7seg.o
 .group         0x00000000        0x8 ./src/7seg.o
 .group         0x00000000        0x8 ./src/7seg.o
 .group         0x00000000        0x8 ./src/7seg.o
 .group         0x00000000        0x8 ./src/7seg.o
 .group         0x00000000        0x8 ./src/7seg.o
 .group         0x00000000        0x8 ./src/7seg.o
 .group         0x00000000        0x8 ./src/7seg.o
 .group         0x00000000        0x8 ./src/7seg.o
 .group         0x00000000        0x8 ./src/7seg.o
 .group         0x00000000        0x8 ./src/7seg.o
 .group         0x00000000        0x8 ./src/7seg.o
 .group         0x00000000        0x8 ./src/7seg.o
 .group         0x00000000        0x8 ./src/7seg.o
 .group         0x00000000        0x8 ./src/7seg.o
 .group         0x00000000        0x8 ./src/7seg.o
 .group         0x00000000        0x8 ./src/7seg.o
 .group         0x00000000        0x8 ./src/7seg.o
 .group         0x00000000        0x8 ./src/7seg.o
 .group         0x00000000        0x8 ./src/7seg.o
 .group         0x00000000        0x8 ./src/7seg.o
 .group         0x00000000        0x8 ./src/7seg.o
 .group         0x00000000        0x8 ./src/7seg.o
 .group         0x00000000        0x8 ./src/7seg.o
 .group         0x00000000        0x8 ./src/7seg.o
 .group         0x00000000        0x8 ./src/7seg.o
 .group         0x00000000        0x8 ./src/7seg.o
 .group         0x00000000        0x8 ./src/7seg.o
 .group         0x00000000        0x8 ./src/7seg.o
 .text          0x00000000        0x0 ./src/7seg.o
 .data          0x00000000        0x0 ./src/7seg.o
 .bss           0x00000000        0x0 ./src/7seg.o
 .group         0x00000000        0x8 ./src/main.o
 .group         0x00000000        0x8 ./src/main.o
 .group         0x00000000        0x8 ./src/main.o
 .group         0x00000000        0x8 ./src/main.o
 .group         0x00000000        0x8 ./src/main.o
 .group         0x00000000        0x8 ./src/main.o
 .group         0x00000000        0x8 ./src/main.o
 .group         0x00000000        0x8 ./src/main.o
 .group         0x00000000        0x8 ./src/main.o
 .group         0x00000000        0x8 ./src/main.o
 .group         0x00000000        0x8 ./src/main.o
 .group         0x00000000        0x8 ./src/main.o
 .group         0x00000000        0x8 ./src/main.o
 .group         0x00000000        0x8 ./src/main.o
 .group         0x00000000        0x8 ./src/main.o
 .group         0x00000000        0x8 ./src/main.o
 .group         0x00000000        0x8 ./src/main.o
 .group         0x00000000        0x8 ./src/main.o
 .group         0x00000000        0x8 ./src/main.o
 .group         0x00000000        0x8 ./src/main.o
 .group         0x00000000        0x8 ./src/main.o
 .group         0x00000000        0x8 ./src/main.o
 .group         0x00000000        0x8 ./src/main.o
 .group         0x00000000        0x8 ./src/main.o
 .group         0x00000000        0x8 ./src/main.o
 .group         0x00000000        0x8 ./src/main.o
 .group         0x00000000        0x8 ./src/main.o
 .group         0x00000000        0x8 ./src/main.o
 .group         0x00000000        0x8 ./src/main.o
 .group         0x00000000        0x8 ./src/main.o
 .group         0x00000000        0x8 ./src/main.o
 .group         0x00000000        0x8 ./src/main.o
 .group         0x00000000        0x8 ./src/main.o
 .group         0x00000000        0x8 ./src/main.o
 .group         0x00000000        0x8 ./src/main.o
 .group         0x00000000        0x8 ./src/main.o
 .text          0x00000000        0x0 ./src/main.o
 .data          0x00000000        0x0 ./src/main.o
 .bss           0x00000000        0x0 ./src/main.o
 .debug_macro   0x00000000      0x86e ./src/main.o
 .debug_macro   0x00000000       0x5e ./src/main.o
 .debug_macro   0x00000000       0x3b ./src/main.o
 .debug_macro   0x00000000       0x16 ./src/main.o
 .debug_macro   0x00000000       0x44 ./src/main.o
[...]
Memory Configuration

Name             Origin             Length             Attributes
RAM              0x20000000         0x00020000         xrw
CCMRAM           0x10000000         0x00010000         xrw
FLASH            0x08000000         0x00100000         xr
FLASHB1          0x00000000         0x00000000         xr
EXTMEMB0         0x00000000         0x00000000         xr
EXTMEMB1         0x00000000         0x00000000         xr
EXTMEMB2         0x00000000         0x00000000         xr
EXTMEMB3         0x00000000         0x00000000         xr
MEMORY_ARRAY     0x20002000         0x00000020         xrw
*default*        0x00000000         0xffffffff

Linker script and memory map

LOAD ./src/7seg.o
LOAD ./src/main.o
LOAD ./src/misc.o
LOAD ./src/stm32f4xx_it.o
LOAD ./libs/misc/src/_sbrk.o
LOAD ./libs/StdPeriph/src/misc.o
LOAD ./libs/StdPeriph/src/stm32f4xx_adc.o
LOAD ./libs/StdPeriph/src/stm32f4xx_can.o
LOAD ./libs/StdPeriph/src/stm32f4xx_crc.o
LOAD ./libs/StdPeriph/src/stm32f4xx_cryp.o
LOAD ./libs/StdPeriph/src/stm32f4xx_cryp_aes.o
LOAD ./libs/StdPeriph/src/stm32f4xx_cryp_des.o
LOAD ./libs/StdPeriph/src/stm32f4xx_cryp_tdes.o
LOAD ./libs/StdPeriph/src/stm32f4xx_dac.o
LOAD ./libs/StdPeriph/src/stm32f4xx_dbgmcu.o
LOAD ./libs/StdPeriph/src/stm32f4xx_dcmi.o
LOAD ./libs/StdPeriph/src/stm32f4xx_dma.o
LOAD ./libs/StdPeriph/src/stm32f4xx_dma2d.o
LOAD ./libs/StdPeriph/src/stm32f4xx_exti.o
LOAD ./libs/StdPeriph/src/stm32f4xx_flash.o
LOAD ./libs/StdPeriph/src/stm32f4xx_fmc.o
LOAD ./libs/StdPeriph/src/stm32f4xx_fsmc.o
LOAD ./libs/StdPeriph/src/stm32f4xx_gpio.o
LOAD ./libs/StdPeriph/src/stm32f4xx_hash.o
LOAD ./libs/StdPeriph/src/stm32f4xx_hash_md5.o
LOAD ./libs/StdPeriph/src/stm32f4xx_hash_sha1.o
LOAD ./libs/StdPeriph/src/stm32f4xx_i2c.o
LOAD ./libs/StdPeriph/src/stm32f4xx_iwdg.o
LOAD ./libs/StdPeriph/src/stm32f4xx_ltdc.o
LOAD ./libs/StdPeriph/src/stm32f4xx_pwr.o
LOAD ./libs/StdPeriph/src/stm32f4xx_rcc.o
LOAD ./libs/StdPeriph/src/stm32f4xx_rng.o
LOAD ./libs/StdPeriph/src/stm32f4xx_rtc.o
LOAD ./libs/StdPeriph/src/stm32f4xx_sai.o
LOAD ./libs/StdPeriph/src/stm32f4xx_sdio.o
LOAD ./libs/StdPeriph/src/stm32f4xx_spi.o
LOAD ./libs/StdPeriph/src/stm32f4xx_syscfg.o
LOAD ./libs/StdPeriph/src/stm32f4xx_tim.o
LOAD ./libs/StdPeriph/src/stm32f4xx_usart.o
LOAD ./libs/StdPeriph/src/stm32f4xx_wwdg.o
LOAD ./libs/CMSIS/src/startup_cm.o
LOAD ./libs/CMSIS/src/startup_stm32f4xx.o
LOAD ./libs/CMSIS/src/system_stm32f4xx.o
LOAD ./libs/CMSIS/src/vectors_stm32f4xx.o
START GROUP
LOAD d:/gnu tools arm embedded/4.8 2014q1/bin/../lib/gcc/arm-none-eabi/4.8.3/armv7e-m/fpu\libgcc.a
LOAD d:/gnu tools arm embedded/4.8 2014q1/bin/../lib/gcc/arm-none-eabi/4.8.3/../../../../arm-none-eabi/lib/armv7e-m/fpu\libg.a
LOAD d:/gnu tools arm embedded/4.8 2014q1/bin/../lib/gcc/arm-none-eabi/4.8.3/../../../../arm-none-eabi/lib/armv7e-m/fpu\libc.a
END GROUP
START GROUP
LOAD d:/gnu tools arm embedded/4.8 2014q1/bin/../lib/gcc/arm-none-eabi/4.8.3/armv7e-m/fpu\libgcc.a
LOAD d:/gnu tools arm embedded/4.8 2014q1/bin/../lib/gcc/arm-none-eabi/4.8.3/../../../../arm-none-eabi/lib/armv7e-m/fpu\libg.a
LOAD d:/gnu tools arm embedded/4.8 2014q1/bin/../lib/gcc/arm-none-eabi/4.8.3/../../../../arm-none-eabi/lib/armv7e-m/fpu\libc.a
LOAD d:/gnu tools arm embedded/4.8 2014q1/bin/../lib/gcc/arm-none-eabi/4.8.3/../../../../arm-none-eabi/lib/armv7e-m/fpu\libm.a
END GROUP
                0x20020000                __stack = (ORIGIN (RAM) + 0x20000)
                0x20020000                _estack = __stack
                0x00000400                __Main_Stack_Size = 0x400
                0x00000400                PROVIDE (_Main_Stack_Size, __Main_Stack_Size)
                0x2001fc00                __Main_Stack_Limit = (__stack - __Main_Stack_Size)
                0x2001fc00                PROVIDE (_Main_Stack_Limit, __Main_Stack_Limit)
                0x00000100                _Minimum_Stack_Size = 0x100
                0x20000018                PROVIDE (_Heap_Begin, _end_noinit)
                0x2001fc00                PROVIDE (_Heap_Limit, (__stack - _Main_Stack_Size))

.isr_vector     0x08000000      0x280
                0x08000000                . = ALIGN (0x4)
 *(.isr_vector)
 .isr_vector    0x08000000      0x188 ./libs/CMSIS/src/vectors_stm32f4xx.o
                0x08000000                g_pfnVectors
 *(.after_vectors .after_vectors.*)
 .after_vectors
                0x08000188       0x8c ./libs/CMSIS/src/startup_cm.o
                0x08000188                Reset_Handler
                0x080001cc                system_init
 .after_vectors
                0x08000214       0x1c ./libs/CMSIS/src/startup_stm32f4xx.o
                0x08000214                fpu_init
 .after_vectors
                0x08000230       0x50 ./libs/CMSIS/src/vectors_stm32f4xx.o
                0x08000230                RTC_Alarm_IRQHandler
                0x08000230                HASH_RNG_IRQHandler
                0x08000230                TIM8_CC_IRQHandler
                0x08000230                TIM1_CC_IRQHandler
                0x08000230                DMA2_Stream5_IRQHandler
                0x08000230                DMA1_Stream5_IRQHandler
                0x08000230                PVD_IRQHandler
                0x08000230                SDIO_IRQHandler
                0x08000230                TAMP_STAMP_IRQHandler
                0x08000230                CAN2_RX1_IRQHandler
                0x08000230                TIM8_TRG_COM_TIM14_IRQHandler
                0x08000230                TIM1_UP_TIM10_IRQHandler
                0x08000230                TIM8_UP_TIM13_IRQHandler
                0x08000230                I2C3_ER_IRQHandler
                0x08000230                I2C2_EV_IRQHandler
                0x08000230                DMA1_Stream2_IRQHandler
                0x08000230                CAN1_RX0_IRQHandler
                0x08000230                FPU_IRQHandler
                0x08000230                OTG_HS_WKUP_IRQHandler
                0x08000230                CAN2_SCE_IRQHandler
                0x08000230                DMA2_Stream2_IRQHandler
                0x08000230                SPI1_IRQHandler
                0x08000230                TIM1_BRK_TIM9_IRQHandler
                0x08000230                DCMI_IRQHandler
                0x08000230                CAN2_RX0_IRQHandler
                0x08000230                DMA2_Stream3_IRQHandler
                0x08000230                USART6_IRQHandler
                0x08000230                USART3_IRQHandler
                0x08000230                CRYP_IRQHandler
                0x08000230                CAN1_RX1_IRQHandler
                0x08000230                UART5_IRQHandler
                0x08000230                DMA2_Stream0_IRQHandler
                0x08000230                I2C1_EV_IRQHandler
                0x08000230                DMA1_Stream6_IRQHandler
                0x08000230                DMA1_Stream1_IRQHandler
                0x08000230                UART4_IRQHandler
                0x08000230                TIM3_IRQHandler
                0x08000230                RCC_IRQHandler
                0x08000230                Default_Handler
                0x08000230                EXTI15_10_IRQHandler
                0x08000230                ADC_IRQHandler
                0x08000230                DMA1_Stream7_IRQHandler
                0x08000230                CAN2_TX_IRQHandler
                0x08000230                TIM5_IRQHandler
                0x08000230                DMA2_Stream7_IRQHandler
                0x08000230                I2C3_EV_IRQHandler
                0x08000230                EXTI9_5_IRQHandler
                0x08000230                RTC_WKUP_IRQHandler
                0x08000230                ETH_WKUP_IRQHandler
                0x08000230                SPI2_IRQHandler
                0x08000230                OTG_HS_EP1_IN_IRQHandler
                0x08000230                DMA1_Stream0_IRQHandler
                0x08000230                CAN1_TX_IRQHandler
                0x08000230                EXTI4_IRQHandler
                0x08000230                FSMC_IRQHandler
                0x08000230                ETH_IRQHandler
                0x08000230                OTG_HS_EP1_OUT_IRQHandler
                0x08000230                WWDG_IRQHandler
                0x08000230                TIM2_IRQHandler
                0x08000230                OTG_FS_WKUP_IRQHandler
                0x08000230                TIM1_TRG_COM_TIM11_IRQHandler
                0x08000230                OTG_HS_IRQHandler
                0x08000230                USART2_IRQHandler
                0x08000230                I2C2_ER_IRQHandler
                0x08000230                DMA2_Stream1_IRQHandler
                0x08000230                CAN1_SCE_IRQHandler
                0x08000230                FLASH_IRQHandler
                0x08000230                DMA2_Stream4_IRQHandler
                0x08000230                USART1_IRQHandler
                0x08000230                OTG_FS_IRQHandler
                0x08000230                SPI3_IRQHandler
                0x08000230                DMA1_Stream4_IRQHandler
                0x08000230                I2C1_ER_IRQHandler
                0x08000230                DMA2_Stream6_IRQHandler
                0x08000230                DMA1_Stream3_IRQHandler
                0x08000280                . = ALIGN (0x4)

._inits         0x08000280        0x8
                0x08000280                . = ALIGN (0x4)
 *(.init)
 *(.fini)
                0x08000280                . = ALIGN (0x4)
                0x08000280                PROVIDE (__preinit_array_start, .)
 *(.preinit_array_sysinit .preinit_array_sysinit.*)
 .preinit_array_sysinit
                0x08000280        0x4 ./libs/CMSIS/src/startup_cm.o
                0x08000280                p_system_init
 *(.preinit_array_platform .preinit_array_platform.*)
 .preinit_array_platform
                0x08000284        0x4 ./libs/CMSIS/src/startup_stm32f4xx.o
                0x08000284                p_fpu_init
 *(.preinit_array .preinit_array.*)
                0x08000288                PROVIDE (__preinit_array_end, .)
                0x08000288                . = ALIGN (0x4)
                0x08000288                PROVIDE (__init_array_start, .)
 *(SORT(.init_array.*))
 *(.init_array)
                0x08000288                PROVIDE (__init_array_end, .)
                0x08000288                . = ALIGN (0x4)
                0x08000288                PROVIDE (__fini_array_start, .)
 *(SORT(.fini_array.*))
 *(.fini_array)
                0x08000288                PROVIDE (__fini_array_end, .)
                0x08000288                . = ALIGN (0x4)

.flashtext      0x08000288        0x0
                0x08000288                . = ALIGN (0x4)
 *(.flashtext .flashtext.*)
                0x08000288                . = ALIGN (0x4)

.text           0x08000288     0x144c
                0x08000288                . = ALIGN (0x4)
 *(.text .text.*)
 .text.DisplayDigit
                0x08000288       0xb8 ./src/7seg.o
                0x08000288                DisplayDigit
 .text.main     0x08000340      0x404 ./src/main.o
                0x08000340                main
 .text.wait_ms  0x08000744       0x4c ./src/misc.o
                0x08000744                wait_ms
 .text.NMI_Handler
                0x08000790        0xc ./src/stm32f4xx_it.o
                0x08000790                NMI_Handler
 .text.HardFault_Handler
                0x0800079c        0x8 ./src/stm32f4xx_it.o
                0x0800079c                HardFault_Handler
 .text.MemManage_Handler
                0x080007a4        0x8 ./src/stm32f4xx_it.o
                0x080007a4                MemManage_Handler
 .text.BusFault_Handler
                0x080007ac        0x8 ./src/stm32f4xx_it.o
                0x080007ac                BusFault_Handler
 .text.UsageFault_Handler
                0x080007b4        0x8 ./src/stm32f4xx_it.o
                0x080007b4                UsageFault_Handler
 .text.SVC_Handler
                0x080007bc        0xc ./src/stm32f4xx_it.o
                0x080007bc                SVC_Handler
 .text.DebugMon_Handler
                0x080007c8        0xc ./src/stm32f4xx_it.o
                0x080007c8                DebugMon_Handler
 .text.PendSV_Handler
                0x080007d4        0xc ./src/stm32f4xx_it.o
                0x080007d4                PendSV_Handler
 .text.SysTick_Handler
                0x080007e0        0xc ./src/stm32f4xx_it.o
                0x080007e0                SysTick_Handler
 .text.TIM4_IRQHandler
                0x080007ec      0x104 ./src/stm32f4xx_it.o
                0x080007ec                TIM4_IRQHandler
 .text.TIM6_DAC_IRQHandler
                0x080008f0       0x74 ./src/stm32f4xx_it.o
                0x080008f0                TIM6_DAC_IRQHandler
 .text.TIM7_IRQHandler
                0x08000964       0x30 ./src/stm32f4xx_it.o
                0x08000964                TIM7_IRQHandler
 .text.TIM8_BRK_TIM12_IRQHandler
                0x08000994       0xb0 ./src/stm32f4xx_it.o
                0x08000994                TIM8_BRK_TIM12_IRQHandler
 .text.EXTI0_IRQHandler
                0x08000a44       0xa8 ./src/stm32f4xx_it.o
                0x08000a44                EXTI0_IRQHandler
 .text.EXTI1_IRQHandler
                0x08000aec       0xcc ./src/stm32f4xx_it.o
                0x08000aec                EXTI1_IRQHandler
 .text.EXTI2_IRQHandler
                0x08000bb8       0x94 ./src/stm32f4xx_it.o
                0x08000bb8                EXTI2_IRQHandler
 .text.EXTI3_IRQHandler
                0x08000c4c      0x19c ./src/stm32f4xx_it.o
                0x08000c4c                EXTI3_IRQHandler
 .text.NVIC_PriorityGroupConfig
                0x08000de8       0x24 ./libs/StdPeriph/src/misc.o
                0x08000de8                NVIC_PriorityGroupConfig
 .text.NVIC_Init
                0x08000e0c       0xbc ./libs/StdPeriph/src/misc.o
                0x08000e0c                NVIC_Init
 .text.EXTI_Init
                0x08000ec8       0xdc ./libs/StdPeriph/src/stm32f4xx_exti.o
                0x08000ec8                EXTI_Init
 .text.EXTI_GetITStatus
                0x08000fa4       0x34 ./libs/StdPeriph/src/stm32f4xx_exti.o
                0x08000fa4                EXTI_GetITStatus
 .text.EXTI_ClearITPendingBit
                0x08000fd8       0x1c ./libs/StdPeriph/src/stm32f4xx_exti.o
                0x08000fd8                EXTI_ClearITPendingBit
 .text.GPIO_Init
                0x08000ff4      0x11c ./libs/StdPeriph/src/stm32f4xx_gpio.o
                0x08000ff4                GPIO_Init
 .text.GPIO_ReadOutputData
                0x08001110       0x1c ./libs/StdPeriph/src/stm32f4xx_gpio.o
                0x08001110                GPIO_ReadOutputData
 .text.GPIO_SetBits
                0x0800112c       0x1c ./libs/StdPeriph/src/stm32f4xx_gpio.o
                0x0800112c                GPIO_SetBits
 .text.GPIO_ResetBits
                0x08001148       0x1c ./libs/StdPeriph/src/stm32f4xx_gpio.o
                0x08001148                GPIO_ResetBits
 .text.GPIO_Write
                0x08001164       0x1c ./libs/StdPeriph/src/stm32f4xx_gpio.o
                0x08001164                GPIO_Write
 .text.RCC_AHB1PeriphClockCmd
                0x08001180       0x3c ./libs/StdPeriph/src/stm32f4xx_rcc.o
                0x08001180                RCC_AHB1PeriphClockCmd
 .text.RCC_APB1PeriphClockCmd
                0x080011bc       0x3c ./libs/StdPeriph/src/stm32f4xx_rcc.o
                0x080011bc                RCC_APB1PeriphClockCmd
 .text.RCC_APB2PeriphClockCmd
                0x080011f8       0x3c ./libs/StdPeriph/src/stm32f4xx_rcc.o
                0x080011f8                RCC_APB2PeriphClockCmd
 .text.SYSCFG_EXTILineConfig
                0x08001234       0x7c ./libs/StdPeriph/src/stm32f4xx_syscfg.o
                0x08001234                SYSCFG_EXTILineConfig
 .text.TIM_TimeBaseInit
                0x080012b0       0xd4 ./libs/StdPeriph/src/stm32f4xx_tim.o
                0x080012b0                TIM_TimeBaseInit
 .text.TIM_TimeBaseStructInit
                0x08001384       0x34 ./libs/StdPeriph/src/stm32f4xx_tim.o
                0x08001384                TIM_TimeBaseStructInit
 .text.TIM_Cmd  0x080013b8       0x40 ./libs/StdPeriph/src/stm32f4xx_tim.o
                0x080013b8                TIM_Cmd
 .text.TIM_ITConfig
                0x080013f8       0x48 ./libs/StdPeriph/src/stm32f4xx_tim.o
                0x080013f8                TIM_ITConfig
 .text.TIM_GetITStatus
                0x08001440       0x54 ./libs/StdPeriph/src/stm32f4xx_tim.o
                0x08001440                TIM_GetITStatus
 .text.TIM_ClearITPendingBit
                0x08001494       0x20 ./libs/StdPeriph/src/stm32f4xx_tim.o
                0x08001494                TIM_ClearITPendingBit
 .text.__libc_init_array
                0x080014b4       0x6c ./libs/CMSIS/src/startup_cm.o
                0x080014b4                __libc_init_array
 .text.__libc_fini_array
                0x08001520       0x3c ./libs/CMSIS/src/startup_cm.o
                0x08001520                __libc_fini_array
 .text._exit    0x0800155c        0xc ./libs/CMSIS/src/startup_stm32f4xx.o
                0x0800155c                _exit
 .text.SystemInit
                0x08001568       0x68 ./libs/CMSIS/src/system_stm32f4xx.o
                0x08001568                SystemInit
 .text.SetSysClock
                0x080015d0       0xf4 ./libs/CMSIS/src/system_stm32f4xx.o
 *(.rodata .rodata.*)
 .rodata.SegmentTable
                0x080016c4       0x10 ./src/7seg.o
                0x080016c4                SegmentTable
 *(.eh_frame*)
 *(.glue_7)
 .glue_7        0x00000000        0x0 linker stubs
 *(.glue_7t)
 .glue_7t       0x00000000        0x0 linker stubs

.vfp11_veneer   0x080016d4        0x0
 .vfp11_veneer  0x00000000        0x0 linker stubs

.v4_bx          0x080016d4        0x0
 .v4_bx         0x00000000        0x0 linker stubs

.iplt           0x080016d4        0x0
 .iplt          0x00000000        0x0 ./src/7seg.o

.rel.dyn        0x080016d4        0x0
 .rel.iplt      0x00000000        0x0 ./src/7seg.o

.ARM.extab
 *(.ARM.extab* .gnu.linkonce.armextab.*)
                0x080016d4                __exidx_start = .

.ARM.exidx
 *(.ARM.exidx* .gnu.linkonce.armexidx.*)
                0x080016d4                __exidx_end = .
                0x080016d4                . = ALIGN (0x4)
                0x080016d4                _etext = .
                0x080016d4                _sidata = _etext

.ROarraySection
 *(.ROarraySection .ROarraySection.*)

.data           0x20000000        0xc load address 0x080016d4
                0x20000000                . = ALIGN (0x4)
                0x20000000                _sdata = .
                0x20000000                __data_start__ = .
 *(vtable)
 *(EXCLUDE_FILE(*rdimon-crt0.o) .data .data.*)
 .data.counter  0x20000000        0x4 ./src/main.o
                0x20000000                counter
 .data.counter_b
                0x20000004        0x4 ./src/main.o
                0x20000004                counter_b
 .data.mode     0x20000008        0x1 ./src/stm32f4xx_it.o
                0x20000008                mode
                0x2000000c                . = ALIGN (0x4)
 *fill*         0x20000009        0x3 
                0x2000000c                _edata = .
                0x2000000c                __data_end__ = .

.igot.plt       0x2000000c        0x0 load address 0x080016e0
 .igot.plt      0x00000000        0x0 ./src/7seg.o

.bss            0x2000000c        0xc load address 0x080016e0
                0x2000000c                . = ALIGN (0x4)
 *rdimon-crt0.o(.data)
                0x2000000c                . = ALIGN (0x4)
                0x2000000c                __bss_start__ = .
                0x2000000c                _sbss = .
 *(.bss .bss.*)
 .bss.sel       0x2000000c        0x2 ./src/main.o
                0x2000000c                sel
 .bss.tim7_i    0x2000000e        0x2 ./src/main.o
                0x2000000e                tim7_i
 .bss.parttime  0x20000010        0x1 ./src/main.o
                0x20000010                parttime
 .bss.setting   0x20000011        0x1 ./src/main.o
                0x20000011                setting
 .bss.enabletimer
                0x20000012        0x1 ./src/stm32f4xx_it.o
                0x20000012                enabletimer
 *(COMMON)
 *fill*         0x20000013        0x1 
 COMMON         0x20000014        0x4 ./src/stm32f4xx_it.o
                0x20000014                counter_part
                0x20000018                . = ALIGN (0x4)
                0x20000018                __bss_end__ = .
                0x20000018                _ebss = .

.noinit         0x20000018        0x0
                0x20000018                . = ALIGN (0x4)
                0x20000018                _noinit = .
 *(.noinit .noinit.*)
                0x20000018                . = ALIGN (0x4)
                0x20000018                _end_noinit = .
                0x20000018                PROVIDE (end, _end_noinit)
                0x20000018                PROVIDE (_end, _end_noinit)
                0x20000018                PROVIDE (__end, _end_noinit)
                0x20000018                PROVIDE (__end__, _end_noinit)

._check_stack   0x20000018      0x100 load address 0x080016ec
                0x20000018                . = ALIGN (0x4)
                0x20000118                . = (. + _Minimum_Stack_Size)
 *fill*         0x20000018      0x100 
                0x20000118                . = ALIGN (0x4)

.bss_CCMRAM
 *(.bss.CCMRAM .bss.CCMRAM.*)

.b1text
 *(.b1text)
 *(.b1rodata)
 *(.b1rodata.*)

.eb0text
 *(.eb0text)
 *(.eb0rodata)
 *(.eb0rodata.*)

.eb1text
 *(.eb1text)
 *(.eb1rodata)
 *(.eb1rodata.*)

.eb2text
 *(.eb2text)
 *(.eb2rodata)
 *(.eb2rodata.*)

.eb3text
 *(.eb3text)
 *(.eb3rodata)
 *(.eb3rodata.*)

.stab
 *(.stab)

.stabstr
 *(.stabstr)

.stab.excl
 *(.stab.excl)

.stab.exclstr
 *(.stab.exclstr)

.stab.index
 *(.stab.index)

.stab.indexstr
 *(.stab.indexstr)

.comment        0x00000000       0x70
 *(.comment)
 .comment       0x00000000       0x70 ./src/7seg.o
                                 0x71 (size before relaxing)
 .comment       0x00000000       0x71 ./src/main.o
 .comment       0x00000000       0x71 ./src/misc.o
 .comment       0x00000000       0x71 ./src/stm32f4xx_it.o
 .comment       0x00000000       0x71 ./libs/StdPeriph/src/misc.o
 .comment       0x00000000       0x71 ./libs/StdPeriph/src/stm32f4xx_exti.o
 .comment       0x00000000       0x71 ./libs/StdPeriph/src/stm32f4xx_gpio.o
 .comment       0x00000000       0x71 ./libs/StdPeriph/src/stm32f4xx_rcc.o
 .comment       0x00000000       0x71 ./libs/StdPeriph/src/stm32f4xx_syscfg.o
 .comment       0x00000000       0x71 ./libs/StdPeriph/src/stm32f4xx_tim.o
 .comment       0x00000000       0x71 ./libs/CMSIS/src/startup_cm.o
 .comment       0x00000000       0x71 ./libs/CMSIS/src/startup_stm32f4xx.o
 .comment       0x00000000       0x71 ./libs/CMSIS/src/system_stm32f4xx.o
 .comment       0x00000000       0x71 ./libs/CMSIS/src/vectors_stm32f4xx.o

.ARM.attributes
                0x00000000       0x39
 .ARM.attributes
                0x00000000       0x39 ./src/7seg.o
 .ARM.attributes
                0x00000039       0x39 ./src/main.o
 .ARM.attributes
                0x00000072       0x39 ./src/misc.o
 .ARM.attributes
                0x000000ab       0x39 ./src/stm32f4xx_it.o
 .ARM.attributes
                0x000000e4       0x39 ./libs/StdPeriph/src/misc.o
 .ARM.attributes
                0x0000011d       0x39 ./libs/StdPeriph/src/stm32f4xx_exti.o
 .ARM.attributes
                0x00000156       0x39 ./libs/StdPeriph/src/stm32f4xx_gpio.o
 .ARM.attributes
                0x0000018f       0x39 ./libs/StdPeriph/src/stm32f4xx_rcc.o
 .ARM.attributes
                0x000001c8       0x39 ./libs/StdPeriph/src/stm32f4xx_syscfg.o
 .ARM.attributes
                0x00000201       0x39 ./libs/StdPeriph/src/stm32f4xx_tim.o
 .ARM.attributes
                0x0000023a       0x39 ./libs/CMSIS/src/startup_cm.o
 .ARM.attributes
                0x00000273       0x39 ./libs/CMSIS/src/startup_stm32f4xx.o
 .ARM.attributes
                0x000002ac       0x39 ./libs/CMSIS/src/system_stm32f4xx.o
 .ARM.attributes
                0x000002e5       0x39 ./libs/CMSIS/src/vectors_stm32f4xx.o

.debug
 *(.debug)

.line
 *(.line)

.debug_srcinfo
 *(.debug_srcinfo)

.debug_sfnames
 *(.debug_sfnames)

.debug_aranges  0x00000000      0x818
 *(.debug_aranges)
 .debug_aranges
                0x00000000       0x20 ./src/7seg.o
 .debug_aranges
                0x00000020       0x20 ./src/main.o
 .debug_aranges
                0x00000040       0x20 ./src/misc.o
 .debug_aranges
                0x00000060       0xa0 ./src/stm32f4xx_it.o
 .debug_aranges
                0x00000100       0x40 ./libs/StdPeriph/src/misc.o
 .debug_aranges
                0x00000140       0x58 ./libs/StdPeriph/src/stm32f4xx_exti.o
 .debug_aranges
                0x00000198       0x88 ./libs/StdPeriph/src/stm32f4xx_gpio.o
 .debug_aranges
                0x00000220      0x1b8 ./libs/StdPeriph/src/stm32f4xx_rcc.o
 .debug_aranges
                0x000003d8       0x50 ./libs/StdPeriph/src/stm32f4xx_syscfg.o
 .debug_aranges
                0x00000428      0x2f8 ./libs/StdPeriph/src/stm32f4xx_tim.o
 .debug_aranges
                0x00000720       0x38 ./libs/CMSIS/src/startup_cm.o
 .debug_aranges
                0x00000758       0x28 ./libs/CMSIS/src/startup_stm32f4xx.o
 .debug_aranges
                0x00000780       0x30 ./libs/CMSIS/src/system_stm32f4xx.o
 .debug_aranges
                0x000007b0       0x68 ./libs/CMSIS/src/vectors_stm32f4xx.o

.debug_pubnames
 *(.debug_pubnames)

.debug_info     0x00000000     0x59b1
 *(.debug_info .gnu.linkonce.wi.*)
 .debug_info    0x00000000      0x226 ./src/7seg.o
 .debug_info    0x00000226      0x8ec ./src/main.o
 .debug_info    0x00000b12      0x2ff ./src/misc.o
 .debug_info    0x00000e11      0x58a ./src/stm32f4xx_it.o
 .debug_info    0x0000139b      0x545 ./libs/StdPeriph/src/misc.o
 .debug_info    0x000018e0      0x340 ./libs/StdPeriph/src/stm32f4xx_exti.o
 .debug_info    0x00001c20      0x60d ./libs/StdPeriph/src/stm32f4xx_gpio.o
 .debug_info    0x0000222d      0xe0a ./libs/StdPeriph/src/stm32f4xx_rcc.o
 .debug_info    0x00003037      0x298 ./libs/StdPeriph/src/stm32f4xx_syscfg.o
 .debug_info    0x000032cf     0x1c69 ./libs/StdPeriph/src/stm32f4xx_tim.o
 .debug_info    0x00004f38      0x29c ./libs/CMSIS/src/startup_cm.o
 .debug_info    0x000051d4       0xe4 ./libs/CMSIS/src/startup_stm32f4xx.o
 .debug_info    0x000052b8      0x5c4 ./libs/CMSIS/src/system_stm32f4xx.o
 .debug_info    0x0000587c      0x135 ./libs/CMSIS/src/vectors_stm32f4xx.o

.debug_abbrev   0x00000000     0x1197
 *(.debug_abbrev)
 .debug_abbrev  0x00000000       0xfb ./src/7seg.o
 .debug_abbrev  0x000000fb      0x17f ./src/main.o
 .debug_abbrev  0x0000027a       0xda ./src/misc.o
 .debug_abbrev  0x00000354      0x188 ./src/stm32f4xx_it.o
 .debug_abbrev  0x000004dc      0x14a ./libs/StdPeriph/src/misc.o
 .debug_abbrev  0x00000626      0x1aa ./libs/StdPeriph/src/stm32f4xx_exti.o
 .debug_abbrev  0x000007d0      0x1a8 ./libs/StdPeriph/src/stm32f4xx_gpio.o
 .debug_abbrev  0x00000978      0x1bf ./libs/StdPeriph/src/stm32f4xx_rcc.o
 .debug_abbrev  0x00000b37      0x136 ./libs/StdPeriph/src/stm32f4xx_syscfg.o
 .debug_abbrev  0x00000c6d      0x18c ./libs/StdPeriph/src/stm32f4xx_tim.o
 .debug_abbrev  0x00000df9      0x128 ./libs/CMSIS/src/startup_cm.o
 .debug_abbrev  0x00000f21       0xa9 ./libs/CMSIS/src/startup_stm32f4xx.o
 .debug_abbrev  0x00000fca      0x13b ./libs/CMSIS/src/system_stm32f4xx.o
 .debug_abbrev  0x00001105       0x92 ./libs/CMSIS/src/vectors_stm32f4xx.o

.debug_line     0x00000000     0x4937
 *(.debug_line)
 .debug_line    0x00000000      0x44f ./src/7seg.o
 .debug_line    0x0000044f      0x4e3 ./src/main.o
 .debug_line    0x00000932      0x449 ./src/misc.o
 .debug_line    0x00000d7b      0x6a6 ./src/stm32f4xx_it.o
 .debug_line    0x00001421      0x499 ./libs/StdPeriph/src/misc.o
 .debug_line    0x000018ba      0x4e6 ./libs/StdPeriph/src/stm32f4xx_exti.o
 .debug_line    0x00001da0      0x58f ./libs/StdPeriph/src/stm32f4xx_gpio.o
 .debug_line    0x0000232f      0x88c ./libs/StdPeriph/src/stm32f4xx_rcc.o
 .debug_line    0x00002bbb      0x4c1 ./libs/StdPeriph/src/stm32f4xx_syscfg.o
 .debug_line    0x0000307c      0xcb0 ./libs/StdPeriph/src/stm32f4xx_tim.o
 .debug_line    0x00003d2c      0x260 ./libs/CMSIS/src/startup_cm.o
 .debug_line    0x00003f8c      0x45d ./libs/CMSIS/src/startup_stm32f4xx.o
 .debug_line    0x000043e9      0x4bb ./libs/CMSIS/src/system_stm32f4xx.o
 .debug_line    0x000048a4       0x93 ./libs/CMSIS/src/vectors_stm32f4xx.o

.debug_frame    0x00000000     0x1888
 *(.debug_frame)
 .debug_frame   0x00000000       0x30 ./src/7seg.o
 .debug_frame   0x00000030       0x30 ./src/main.o
 .debug_frame   0x00000060       0x30 ./src/misc.o
 .debug_frame   0x00000090      0x1d0 ./src/stm32f4xx_it.o
 .debug_frame   0x00000260       0x9c ./libs/StdPeriph/src/misc.o
 .debug_frame   0x000002fc       0xec ./libs/StdPeriph/src/stm32f4xx_exti.o
 .debug_frame   0x000003e8      0x19c ./libs/StdPeriph/src/stm32f4xx_gpio.o
 .debug_frame   0x00000584      0x5b8 ./libs/StdPeriph/src/stm32f4xx_rcc.o
 .debug_frame   0x00000b3c       0xd8 ./libs/StdPeriph/src/stm32f4xx_syscfg.o
 .debug_frame   0x00000c14      0xa3c ./libs/StdPeriph/src/stm32f4xx_tim.o
 .debug_frame   0x00001650       0x90 ./libs/CMSIS/src/startup_cm.o
 .debug_frame   0x000016e0       0x44 ./libs/CMSIS/src/startup_stm32f4xx.o
 .debug_frame   0x00001724       0x64 ./libs/CMSIS/src/system_stm32f4xx.o
 .debug_frame   0x00001788      0x100 ./libs/CMSIS/src/vectors_stm32f4xx.o

.debug_str      0x00000000    0x60cce
 *(.debug_str)
 .debug_str     0x00000000    0x5d2d7 ./src/7seg.o
                              0x5d46c (size before relaxing)
 .debug_str     0x0005d2d7      0x904 ./src/main.o
                              0x5dd83 (size before relaxing)
 .debug_str     0x0005dbdb       0x17 ./src/misc.o
                              0x5d4e4 (size before relaxing)
 .debug_str     0x0005dbf2      0x168 ./src/stm32f4xx_it.o
                              0x5d6be (size before relaxing)
 .debug_str     0x0005dd5a      0x1c5 ./libs/StdPeriph/src/misc.o
                              0x5d654 (size before relaxing)
 .debug_str     0x0005df1f      0x109 ./libs/StdPeriph/src/stm32f4xx_exti.o
                              0x5d5ca (size before relaxing)
 .debug_str     0x0005e028      0x17a ./libs/StdPeriph/src/stm32f4xx_gpio.o
                              0x5d6fc (size before relaxing)
 .debug_str     0x0005e1a2      0xd25 ./libs/StdPeriph/src/stm32f4xx_rcc.o
                              0x5e1b8 (size before relaxing)
 .debug_str     0x0005eec7      0x347 ./libs/StdPeriph/src/stm32f4xx_syscfg.o
                              0x5d757 (size before relaxing)
 .debug_str     0x0005f20e      0xb2a ./libs/StdPeriph/src/stm32f4xx_tim.o
                              0x5e0f3 (size before relaxing)
 .debug_str     0x0005fd38      0xe21 ./libs/CMSIS/src/startup_cm.o
                               0x352c (size before relaxing)
 .debug_str     0x00060b59       0x37 ./libs/CMSIS/src/startup_stm32f4xx.o
                              0x5d3e7 (size before relaxing)
 .debug_str     0x00060b90       0xf3 ./libs/CMSIS/src/system_stm32f4xx.o
                              0x5d66b (size before relaxing)
 .debug_str     0x00060c83       0x4b ./libs/CMSIS/src/vectors_stm32f4xx.o
                               0x2556 (size before relaxing)

.debug_loc
 *(.debug_loc)

.debug_macinfo
 *(.debug_macinfo)

.debug_weaknames
 *(.debug_weaknames)

.debug_funcnames
 *(.debug_funcnames)

.debug_typenames
 *(.debug_typenames)

.debug_varnames
 *(.debug_varnames)
OUTPUT(stopper.elf elf32-littlearm)

.debug_ranges   0x00000000      0x738
 .debug_ranges  0x00000000       0x10 ./src/7seg.o
 .debug_ranges  0x00000010       0x10 ./src/main.o
 .debug_ranges  0x00000020       0x10 ./src/misc.o
 .debug_ranges  0x00000030       0x90 ./src/stm32f4xx_it.o
 .debug_ranges  0x000000c0       0x30 ./libs/StdPeriph/src/misc.o
 .debug_ranges  0x000000f0       0x48 ./libs/StdPeriph/src/stm32f4xx_exti.o
 .debug_ranges  0x00000138       0x78 ./libs/StdPeriph/src/stm32f4xx_gpio.o
 .debug_ranges  0x000001b0      0x1a8 ./libs/StdPeriph/src/stm32f4xx_rcc.o
 .debug_ranges  0x00000358       0x40 ./libs/StdPeriph/src/stm32f4xx_syscfg.o
 .debug_ranges  0x00000398      0x2e8 ./libs/StdPeriph/src/stm32f4xx_tim.o
 .debug_ranges  0x00000680       0x28 ./libs/CMSIS/src/startup_cm.o
 .debug_ranges  0x000006a8       0x18 ./libs/CMSIS/src/startup_stm32f4xx.o
 .debug_ranges  0x000006c0       0x20 ./libs/CMSIS/src/system_stm32f4xx.o
 .debug_ranges  0x000006e0       0x58 ./libs/CMSIS/src/vectors_stm32f4xx.o

.debug_macro    0x00000000    0x10a72
 .debug_macro   0x00000000      0x19f ./src/7seg.o
 .debug_macro   0x0000019f      0x86e ./src/7seg.o
 .debug_macro   0x00000a0d       0x5e ./src/7seg.o
 .debug_macro   0x00000a6b       0x3b ./src/7seg.o
 .debug_macro   0x00000aa6       0x16 ./src/7seg.o
 .debug_macro   0x00000abc       0x44 ./src/7seg.o
 .debug_macro   0x00000b00      0x209 ./src/7seg.o
 .debug_macro   0x00000d09       0x2d ./src/7seg.o
 .debug_macro   0x00000d36       0x42 ./src/7seg.o
 .debug_macro   0x00000d78      0xd39 ./src/7seg.o
 .debug_macro   0x00001ab1     0x8bb0 ./src/7seg.o
 .debug_macro   0x0000a661      0x44f ./src/7seg.o
 .debug_macro   0x0000aab0       0xb2 ./src/7seg.o
 .debug_macro   0x0000ab62      0x477 ./src/7seg.o
 .debug_macro   0x0000afd9       0xae ./src/7seg.o
 .debug_macro   0x0000b087      0x41c ./src/7seg.o
 .debug_macro   0x0000b4a3      0x2bc ./src/7seg.o
 .debug_macro   0x0000b75f      0x2bb ./src/7seg.o
 .debug_macro   0x0000ba1a       0x64 ./src/7seg.o
 .debug_macro   0x0000ba7e       0xe7 ./src/7seg.o
 .debug_macro   0x0000bb65      0x62f ./src/7seg.o
 .debug_macro   0x0000c194      0x57b ./src/7seg.o
 .debug_macro   0x0000c70f      0x342 ./src/7seg.o
 .debug_macro   0x0000ca51      0x36c ./src/7seg.o
 .debug_macro   0x0000cdbd       0xf7 ./src/7seg.o
 .debug_macro   0x0000ceb4      0x73b ./src/7seg.o
 .debug_macro   0x0000d5ef      0x223 ./src/7seg.o
 .debug_macro   0x0000d812       0x34 ./src/7seg.o
 .debug_macro   0x0000d846       0x82 ./src/7seg.o
 .debug_macro   0x0000d8c8      0x144 ./src/7seg.o
 .debug_macro   0x0000da0c       0xc3 ./src/7seg.o
 .debug_macro   0x0000dacf       0x40 ./src/7seg.o
 .debug_macro   0x0000db0f      0x3cf ./src/7seg.o
 .debug_macro   0x0000dede      0x188 ./src/7seg.o
 .debug_macro   0x0000e066      0x149 ./src/7seg.o
 .debug_macro   0x0000e1af      0x279 ./src/7seg.o
 .debug_macro   0x0000e428       0x35 ./src/7seg.o
 .debug_macro   0x0000e45d      0x19f ./src/main.o
 .debug_macro   0x0000e5fc      0x19f ./src/misc.o
 .debug_macro   0x0000e79b      0x1b3 ./src/stm32f4xx_it.o
 .debug_macro   0x0000e94e      0x1a5 ./libs/StdPeriph/src/misc.o
 .debug_macro   0x0000eaf3       0x7c ./libs/StdPeriph/src/misc.o
 .debug_macro   0x0000eb6f      0x1a5 ./libs/StdPeriph/src/stm32f4xx_exti.o
 .debug_macro   0x0000ed14       0xa8 ./libs/StdPeriph/src/stm32f4xx_exti.o
 .debug_macro   0x0000edbc      0x19f ./libs/StdPeriph/src/stm32f4xx_gpio.o
 .debug_macro   0x0000ef5b      0x2b6 ./libs/StdPeriph/src/stm32f4xx_gpio.o
 .debug_macro   0x0000f211      0x269 ./libs/StdPeriph/src/stm32f4xx_rcc.o
 .debug_macro   0x0000f47a      0x629 ./libs/StdPeriph/src/stm32f4xx_rcc.o
 .debug_macro   0x0000faa3      0x1db ./libs/StdPeriph/src/stm32f4xx_syscfg.o
 .debug_macro   0x0000fc7e       0xf1 ./libs/StdPeriph/src/stm32f4xx_syscfg.o
 .debug_macro   0x0000fd6f      0x1c9 ./libs/StdPeriph/src/stm32f4xx_tim.o
 .debug_macro   0x0000ff38      0x735 ./libs/StdPeriph/src/stm32f4xx_tim.o
 .debug_macro   0x0001066d       0xa6 ./libs/CMSIS/src/startup_cm.o
 .debug_macro   0x00010713      0x195 ./libs/CMSIS/src/startup_stm32f4xx.o
 .debug_macro   0x000108a8      0x1b9 ./libs/CMSIS/src/system_stm32f4xx.o
 .debug_macro   0x00010a61       0x11 ./libs/CMSIS/src/vectors_stm32f4xx.o
